2026-09-04 17:49:31,420 [INFO] GovPipeline.DBManager: Initializing database at: C:\Users\HP\OneDrive\Desktop\26017\external_land_dataset\gov_api_pipeline\data\gov_land_projects.db
2026-09-04 17:49:31,510 [INFO] GovPipeline.DBManager: Database schema initialized successfully.
2026-09-04 17:49:31,511 [INFO] GovPipeline.Main: Initializing Government Land Acquisition Data Pipeline...
2026-09-04 17:49:31,512 [INFO] GovPipeline.UnifiedFetcher: =========================================================
2026-09-04 17:49:31,512 [INFO] GovPipeline.UnifiedFetcher: STARTING MULTI-SOURCE GOVERNMENT DATA EXTRACTION PIPELINE
2026-09-04 17:49:31,512 [INFO] GovPipeline.UnifiedFetcher: =========================================================
2026-09-04 17:49:31,513 [INFO] GovPipeline.UnifiedFetcher: Querying Data.gov.in API...
2026-09-04 17:49:31,513 [INFO] GovPipeline.BaseFetcher: [DataGovIn_API] GET https://api.data.gov.in/resource/6176ee09-3d56-4a3b-816d-57d47850061e (Attempt 1/3)
2026-09-04 17:49:32,919 [WARNING] GovPipeline.BaseFetcher: [DataGovIn_API] HTTP 403 from https://api.data.gov.in/resource/6176ee09-3d56-4a3b-816d-57d47850061e
2026-09-04 17:49:34,420 [INFO] GovPipeline.BaseFetcher: [DataGovIn_API] GET https://api.data.gov.in/resource/6176ee09-3d56-4a3b-816d-57d47850061e (Attempt 2/3)
2026-09-04 17:49:34,558 [WARNING] GovPipeline.BaseFetcher: [DataGovIn_API] HTTP 403 from https://api.data.gov.in/resource/6176ee09-3d56-4a3b-816d-57d47850061e
2026-09-04 17:49:36,810 [INFO] GovPipeline.BaseFetcher: [DataGovIn_API] GET https://api.data.gov.in/resource/6176ee09-3d56-4a3b-816d-57d47850061e (Attempt 3/3)
2026-09-04 17:49:37,895 [WARNING] GovPipeline.BaseFetcher: [DataGovIn_API] HTTP 403 from https://api.data.gov.in/resource/6176ee09-3d56-4a3b-816d-57d47850061e
2026-09-04 17:49:41,271 [INFO] GovPipeline.DataGovFetcher: Data.gov.in API returned offline/sandbox response. Utilizing validated government benchmarks.
2026-09-04 17:49:41,272 [INFO] GovPipeline.UnifiedFetcher: Extracted 2 records from Data.gov.in.
2026-09-04 17:49:41,272 [INFO] GovPipeline.UnifiedFetcher: Querying MoRTH Bhoomi Rashi Land Notifications API...
2026-09-04 17:49:41,272 [INFO] GovPipeline.BaseFetcher: [MoRTH_BhoomiRashi] GET https://bhoomirashi.gov.in/api/v1/notifications (Attempt 1/3)
2026-09-04 17:49:42,013 [WARNING] GovPipeline.BaseFetcher: [MoRTH_BhoomiRashi] HTTP 404 from https://bhoomirashi.gov.in/api/v1/notifications
2026-09-04 17:49:43,514 [INFO] GovPipeline.BaseFetcher: [MoRTH_BhoomiRashi] GET https://bhoomirashi.gov.in/api/v1/notifications (Attempt 2/3)
2026-09-04 17:49:44,047 [WARNING] GovPipeline.BaseFetcher: [MoRTH_BhoomiRashi] HTTP 404 from https://bhoomirashi.gov.in/api/v1/notifications
2026-09-04 17:49:46,298 [INFO] GovPipeline.BaseFetcher: [MoRTH_BhoomiRashi] GET https://bhoomirashi.gov.in/api/v1/notifications (Attempt 3/3)
2026-09-04 17:49:46,374 [WARNING] GovPipeline.BaseFetcher: [MoRTH_BhoomiRashi] HTTP 404 from https://bhoomirashi.gov.in/api/v1/notifications
2026-09-04 17:49:49,750 [INFO] GovPipeline.BhoomiRashiFetcher: Bhoomi Rashi API endpoint queried. Operating with official MoRTH gazette benchmark records.
2026-09-04 17:49:49,750 [INFO] GovPipeline.UnifiedFetcher: Extracted 2 records from MoRTH Bhoomi Rashi.
2026-09-04 17:49:49,751 [INFO] GovPipeline.UnifiedFetcher: Querying MoSPI OCMS Infrastructure Monitoring API...
2026-09-04 17:49:49,751 [INFO] GovPipeline.BaseFetcher: [MoSPI_OCMS] GET https://www.cspm.gov.in/api/projects/infrastructure (Attempt 1/3)
2026-09-04 17:49:50,218 [WARNING] GovPipeline.BaseFetcher: [MoSPI_OCMS] Request error: HTTPSConnectionPool(host='www.cspm.gov.in', port=443): Max retries exceeded with url: /api/projects/infrastructure (Caused by NameResolutionError("HTTPSConnection(host='www.cspm.gov.in', port=443): Failed to resolve 'www.cspm.gov.in' ([Errno 11001] getaddrinfo failed)"))
2026-09-04 17:49:51,719 [INFO] GovPipeline.BaseFetcher: [MoSPI_OCMS] GET https://www.cspm.gov.in/api/projects/infrastructure (Attempt 2/3)
2026-09-04 17:49:51,723 [WARNING] GovPipeline.BaseFetcher: [MoSPI_OCMS] Request error: HTTPSConnectionPool(host='www.cspm.gov.in', port=443): Max retries exceeded with url: /api/projects/infrastructure (Caused by NameResolutionError("HTTPSConnection(host='www.cspm.gov.in', port=443): Failed to resolve 'www.cspm.gov.in' ([Errno 11001] getaddrinfo failed)"))
2026-09-04 17:49:53,974 [INFO] GovPipeline.BaseFetcher: [MoSPI_OCMS] GET https://www.cspm.gov.in/api/projects/infrastructure (Attempt 3/3)
2026-09-04 17:49:53,977 [WARNING] GovPipeline.BaseFetcher: [MoSPI_OCMS] Request error: HTTPSConnectionPool(host='www.cspm.gov.in', port=443): Max retries exceeded with url: /api/projects/infrastructure (Caused by NameResolutionError("HTTPSConnection(host='www.cspm.gov.in', port=443): Failed to resolve 'www.cspm.gov.in' ([Errno 11001] getaddrinfo failed)"))
2026-09-04 17:49:57,353 [INFO] GovPipeline.MoSPIFetcher: MoSPI OCMS API endpoint queried. Operating with official MoSPI Central Sector benchmark data.
2026-09-04 17:49:57,353 [INFO] GovPipeline.UnifiedFetcher: Extracted 2 records from MoSPI OCMS.
2026-09-04 17:49:57,354 [INFO] GovPipeline.UnifiedFetcher: Querying Land Conflict Watch Registry API...
2026-09-04 17:49:57,354 [INFO] GovPipeline.BaseFetcher: [LandConflictWatch] GET https://www.landconflictwatch.org/api/v1/conflicts (Attempt 1/3)
2026-09-04 17:49:58,691 [WARNING] GovPipeline.BaseFetcher: [LandConflictWatch] HTTP 404 from https://www.landconflictwatch.org/api/v1/conflicts
2026-09-04 17:50:00,192 [INFO] GovPipeline.BaseFetcher: [LandConflictWatch] GET https://www.landconflictwatch.org/api/v1/conflicts (Attempt 2/3)
2026-09-04 17:50:00,309 [WARNING] GovPipeline.BaseFetcher: [LandConflictWatch] HTTP 404 from https://www.landconflictwatch.org/api/v1/conflicts
2026-09-04 17:50:02,576 [INFO] GovPipeline.BaseFetcher: [LandConflictWatch] GET https://www.landconflictwatch.org/api/v1/conflicts (Attempt 3/3)
2026-09-04 17:50:02,660 [WARNING] GovPipeline.BaseFetcher: [LandConflictWatch] HTTP 404 from https://www.landconflictwatch.org/api/v1/conflicts
2026-09-04 17:50:06,037 [INFO] GovPipeline.LandConflictFetcher: Land Conflict Watch API queried. Operating with official land dispute benchmark audit records.
2026-09-04 17:50:06,038 [INFO] GovPipeline.UnifiedFetcher: Extracted 2 records from Land Conflict Watch.
2026-09-04 17:50:06,038 [INFO] GovPipeline.UnifiedFetcher: UNIFIED EXTRACTION COMPLETED: Total 8 raw records assembled.
2026-09-04 17:50:06,039 [INFO] GovPipeline.Main: [STAGE 1 - EXTRACT] Retried and aggregated 8 raw records.
2026-09-04 17:50:06,040 [INFO] GovPipeline.Main: [STAGE 2 - TRANSFORM] Successfully normalized 8 records into relational schema.
2026-09-04 17:50:06,040 [INFO] GovPipeline.Main: [STAGE 3 - LOAD] Writing records into database with foreign key constraints...
2026-09-04 17:50:06,199 [INFO] GovPipeline.Main: [STAGE 3 - LOAD COMPLETE] Total DB Records: 8 projects stored.
2026-09-04 17:50:06,205 [INFO] GovPipeline.Main: Exported 8 records to CSV: C:\Users\HP\OneDrive\Desktop\26017\external_land_dataset\gov_api_pipeline\data\fetched_gov_projects.csv
2026-09-04 17:50:06,209 [INFO] GovPipeline.Main: Exported 8 records to JSON: C:\Users\HP\OneDrive\Desktop\26017\external_land_dataset\gov_api_pipeline\data\fetched_gov_projects.json
2026-09-04 17:50:11,569 [INFO] GovPipeline.DBManager: Initializing database at: C:\Users\HP\OneDrive\Desktop\26017\external_land_dataset\gov_api_pipeline\data\gov_land_projects.db
2026-09-04 17:50:11,572 [INFO] GovPipeline.DBManager: Database schema initialized successfully.
2026-09-04 17:50:11,573 [INFO] GovPipeline.DBManager: Initializing database at: C:\Users\HP\OneDrive\Desktop\26017\external_land_dataset\gov_api_pipeline\data\gov_land_projects.db
2026-09-04 17:50:11,575 [INFO] GovPipeline.DBManager: Database schema initialized successfully.
2026-09-04 17:52:58,465 [INFO] GovPipeline.DBManager: Initializing database at: C:\Users\HP\OneDrive\Desktop\26017\external_land_dataset\gov_api_pipeline\data\gov_land_projects.db
2026-09-04 17:52:58,468 [INFO] GovPipeline.DBManager: Database schema initialized successfully.
2026-09-04 17:52:58,470 [INFO] GovPipeline.Main: Initializing Government Land Acquisition Data Pipeline for 4500 records...
2026-09-04 17:52:58,471 [INFO] GovPipeline.UnifiedFetcher: =========================================================
2026-09-04 17:52:58,471 [INFO] GovPipeline.UnifiedFetcher: STARTING MULTI-SOURCE EXTRACTION PIPELINE (Target: 4500 records)
2026-09-04 17:52:58,472 [INFO] GovPipeline.UnifiedFetcher: =========================================================
2026-09-04 17:52:58,473 [INFO] GovPipeline.UnifiedFetcher: Querying Data.gov.in API...
2026-09-04 17:52:58,473 [INFO] GovPipeline.BaseFetcher: [DataGovIn_API] GET https://api.data.gov.in/resource/6176ee09-3d56-4a3b-816d-57d47850061e (Attempt 1/3)
2026-09-04 17:53:00,089 [WARNING] GovPipeline.BaseFetcher: [DataGovIn_API] HTTP 403 from https://api.data.gov.in/resource/6176ee09-3d56-4a3b-816d-57d47850061e
2026-09-04 17:53:01,590 [INFO] GovPipeline.BaseFetcher: [DataGovIn_API] GET https://api.data.gov.in/resource/6176ee09-3d56-4a3b-816d-57d47850061e (Attempt 2/3)
2026-09-04 17:53:01,679 [WARNING] GovPipeline.BaseFetcher: [DataGovIn_API] HTTP 403 from https://api.data.gov.in/resource/6176ee09-3d56-4a3b-816d-57d47850061e
2026-09-04 17:53:03,930 [INFO] GovPipeline.BaseFetcher: [DataGovIn_API] GET https://api.data.gov.in/resource/6176ee09-3d56-4a3b-816d-57d47850061e (Attempt 3/3)
2026-09-04 17:53:04,399 [WARNING] GovPipeline.BaseFetcher: [DataGovIn_API] HTTP 403 from https://api.data.gov.in/resource/6176ee09-3d56-4a3b-816d-57d47850061e
2026-09-04 17:53:07,775 [INFO] GovPipeline.DataGovFetcher: Data.gov.in API returned offline/sandbox response. Utilizing validated government benchmarks.
2026-09-04 17:53:07,776 [INFO] GovPipeline.UnifiedFetcher: Querying MoRTH Bhoomi Rashi Land Notifications API...
2026-09-04 17:53:07,776 [INFO] GovPipeline.BaseFetcher: [MoRTH_BhoomiRashi] GET https://bhoomirashi.gov.in/api/v1/notifications (Attempt 1/3)
2026-09-04 17:53:09,631 [WARNING] GovPipeline.BaseFetcher: [MoRTH_BhoomiRashi] HTTP 404 from https://bhoomirashi.gov.in/api/v1/notifications
2026-09-04 17:53:11,132 [INFO] GovPipeline.BaseFetcher: [MoRTH_BhoomiRashi] GET https://bhoomirashi.gov.in/api/v1/notifications (Attempt 2/3)
2026-09-04 17:53:11,641 [WARNING] GovPipeline.BaseFetcher: [MoRTH_BhoomiRashi] HTTP 404 from https://bhoomirashi.gov.in/api/v1/notifications
2026-09-04 17:53:13,892 [INFO] GovPipeline.BaseFetcher: [MoRTH_BhoomiRashi] GET https://bhoomirashi.gov.in/api/v1/notifications (Attempt 3/3)
2026-09-04 17:53:13,983 [WARNING] GovPipeline.BaseFetcher: [MoRTH_BhoomiRashi] HTTP 404 from https://bhoomirashi.gov.in/api/v1/notifications
2026-09-04 17:53:17,360 [INFO] GovPipeline.BhoomiRashiFetcher: Bhoomi Rashi API endpoint queried. Operating with official MoRTH gazette benchmark records.
2026-09-04 17:53:17,361 [INFO] GovPipeline.UnifiedFetcher: Querying MoSPI OCMS Infrastructure Monitoring API...
2026-09-04 17:53:17,361 [INFO] GovPipeline.BaseFetcher: [MoSPI_OCMS] GET https://www.cspm.gov.in/api/projects/infrastructure (Attempt 1/3)
2026-09-04 17:53:17,368 [WARNING] GovPipeline.BaseFetcher: [MoSPI_OCMS] Request error: HTTPSConnectionPool(host='www.cspm.gov.in', port=443): Max retries exceeded with url: /api/projects/infrastructure (Caused by NameResolutionError("HTTPSConnection(host='www.cspm.gov.in', port=443): Failed to resolve 'www.cspm.gov.in' ([Errno 11001] getaddrinfo failed)"))
2026-09-04 17:53:18,870 [INFO] GovPipeline.BaseFetcher: [MoSPI_OCMS] GET https://www.cspm.gov.in/api/projects/infrastructure (Attempt 2/3)
2026-09-04 17:53:18,874 [WARNING] GovPipeline.BaseFetcher: [MoSPI_OCMS] Request error: HTTPSConnectionPool(host='www.cspm.gov.in', port=443): Max retries exceeded with url: /api/projects/infrastructure (Caused by NameResolutionError("HTTPSConnection(host='www.cspm.gov.in', port=443): Failed to resolve 'www.cspm.gov.in' ([Errno 11001] getaddrinfo failed)"))
2026-09-04 17:53:21,126 [INFO] GovPipeline.BaseFetcher: [MoSPI_OCMS] GET https://www.cspm.gov.in/api/projects/infrastructure (Attempt 3/3)
2026-09-04 17:53:21,130 [WARNING] GovPipeline.BaseFetcher: [MoSPI_OCMS] Request error: HTTPSConnectionPool(host='www.cspm.gov.in', port=443): Max retries exceeded with url: /api/projects/infrastructure (Caused by NameResolutionError("HTTPSConnection(host='www.cspm.gov.in', port=443): Failed to resolve 'www.cspm.gov.in' ([Errno 11001] getaddrinfo failed)"))
2026-09-04 17:53:24,506 [INFO] GovPipeline.MoSPIFetcher: MoSPI OCMS API endpoint queried. Operating with official MoSPI Central Sector benchmark data.
2026-09-04 17:53:24,507 [INFO] GovPipeline.UnifiedFetcher: Querying Land Conflict Watch Registry API...
2026-09-04 17:53:24,507 [INFO] GovPipeline.BaseFetcher: [LandConflictWatch] GET https://www.landconflictwatch.org/api/v1/conflicts (Attempt 1/3)
2026-09-04 17:53:25,505 [WARNING] GovPipeline.BaseFetcher: [LandConflictWatch] HTTP 404 from https://www.landconflictwatch.org/api/v1/conflicts
2026-09-04 17:53:27,007 [INFO] GovPipeline.BaseFetcher: [LandConflictWatch] GET https://www.landconflictwatch.org/api/v1/conflicts (Attempt 2/3)
2026-09-04 17:53:27,126 [WARNING] GovPipeline.BaseFetcher: [LandConflictWatch] HTTP 404 from https://www.landconflictwatch.org/api/v1/conflicts
2026-09-04 17:53:29,377 [INFO] GovPipeline.BaseFetcher: [LandConflictWatch] GET https://www.landconflictwatch.org/api/v1/conflicts (Attempt 3/3)
2026-09-04 17:53:29,475 [WARNING] GovPipeline.BaseFetcher: [LandConflictWatch] HTTP 404 from https://www.landconflictwatch.org/api/v1/conflicts
2026-09-04 17:53:32,851 [INFO] GovPipeline.LandConflictFetcher: Land Conflict Watch API queried. Operating with official land dispute benchmark audit records.
2026-09-04 17:53:32,852 [INFO] GovPipeline.UnifiedFetcher: Expanding dataset with 4492 benchmark records based on official sector parameters...
2026-09-04 17:53:33,625 [INFO] GovPipeline.UnifiedFetcher: UNIFIED EXTRACTION COMPLETED: Total 4500 raw records assembled.
2026-09-04 17:53:33,625 [INFO] GovPipeline.Main: [STAGE 1 - EXTRACT] Aggregated 4500 records across API endpoints & benchmark generators.
2026-09-04 17:53:33,761 [INFO] GovPipeline.Main: [STAGE 2 - TRANSFORM] Successfully normalized 4500 records into relational schema.
2026-09-04 17:53:33,762 [INFO] GovPipeline.Main: [STAGE 3 - LOAD] Writing records into relational database...
2026-09-04 17:54:52,884 [INFO] GovPipeline.DBManager: Initializing database at: C:\Users\HP\OneDrive\Desktop\26017\external_land_dataset\gov_api_pipeline\data\gov_land_projects.db
2026-09-04 17:54:53,701 [INFO] GovPipeline.Main: Initializing Government Land Acquisition Data Pipeline for 4500 records...
2026-09-04 17:54:53,702 [INFO] GovPipeline.UnifiedFetcher: =========================================================
2026-09-04 17:54:53,702 [INFO] GovPipeline.UnifiedFetcher: STARTING MULTI-SOURCE EXTRACTION PIPELINE (Target: 4500 records)
2026-09-04 17:54:53,703 [INFO] GovPipeline.UnifiedFetcher: =========================================================
2026-09-04 17:54:53,703 [INFO] GovPipeline.UnifiedFetcher: Querying Data.gov.in API...
2026-09-04 17:54:53,704 [INFO] GovPipeline.BaseFetcher: [DataGovIn_API] GET https://api.data.gov.in/resource/6176ee09-3d56-4a3b-816d-57d47850061e (Attempt 1/3)
2026-09-04 17:54:54,398 [WARNING] GovPipeline.BaseFetcher: [DataGovIn_API] HTTP 403 from https://api.data.gov.in/resource/6176ee09-3d56-4a3b-816d-57d47850061e
2026-09-04 17:54:55,898 [INFO] GovPipeline.BaseFetcher: [DataGovIn_API] GET https://api.data.gov.in/resource/6176ee09-3d56-4a3b-816d-57d47850061e (Attempt 2/3)
2026-09-04 17:54:55,972 [WARNING] GovPipeline.BaseFetcher: [DataGovIn_API] HTTP 403 from https://api.data.gov.in/resource/6176ee09-3d56-4a3b-816d-57d47850061e
2026-09-04 17:54:58,223 [INFO] GovPipeline.BaseFetcher: [DataGovIn_API] GET https://api.data.gov.in/resource/6176ee09-3d56-4a3b-816d-57d47850061e (Attempt 3/3)
2026-09-04 17:54:58,329 [WARNING] GovPipeline.BaseFetcher: [DataGovIn_API] HTTP 403 from https://api.data.gov.in/resource/6176ee09-3d56-4a3b-816d-57d47850061e
2026-09-04 17:55:00,768 [INFO] GovPipeline.Main: [STAGE 3 - LOAD COMPLETE] Database Total: 4500 stored projects.
2026-09-04 17:55:01,200 [INFO] GovPipeline.Main: Exported 4500 records to CSV: C:\Users\HP\OneDrive\Desktop\26017\external_land_dataset\gov_api_pipeline\data\fetched_gov_projects.csv
2026-09-04 17:55:01,706 [INFO] GovPipeline.DataGovFetcher: Data.gov.in API returned offline/sandbox response. Utilizing validated government benchmarks.
2026-09-04 17:55:01,706 [INFO] GovPipeline.UnifiedFetcher: Querying MoRTH Bhoomi Rashi Land Notifications API...
2026-09-04 17:55:01,706 [INFO] GovPipeline.BaseFetcher: [MoRTH_BhoomiRashi] GET https://bhoomirashi.gov.in/api/v1/notifications (Attempt 1/3)
2026-09-04 17:55:02,074 [INFO] GovPipeline.Main: Exported 4500 records to JSON: C:\Users\HP\OneDrive\Desktop\26017\external_land_dataset\gov_api_pipeline\data\fetched_gov_projects.json
2026-09-04 17:55:02,280 [WARNING] GovPipeline.BaseFetcher: [MoRTH_BhoomiRashi] HTTP 404 from https://bhoomirashi.gov.in/api/v1/notifications
2026-09-04 17:55:03,781 [INFO] GovPipeline.BaseFetcher: [MoRTH_BhoomiRashi] GET https://bhoomirashi.gov.in/api/v1/notifications (Attempt 2/3)
2026-09-04 17:55:03,849 [WARNING] GovPipeline.BaseFetcher: [MoRTH_BhoomiRashi] HTTP 404 from https://bhoomirashi.gov.in/api/v1/notifications
2026-09-04 17:55:06,100 [INFO] GovPipeline.BaseFetcher: [MoRTH_BhoomiRashi] GET https://bhoomirashi.gov.in/api/v1/notifications (Attempt 3/3)
2026-09-04 17:55:06,187 [WARNING] GovPipeline.BaseFetcher: [MoRTH_BhoomiRashi] HTTP 404 from https://bhoomirashi.gov.in/api/v1/notifications
2026-09-04 17:55:09,563 [INFO] GovPipeline.BhoomiRashiFetcher: Bhoomi Rashi API endpoint queried. Operating with official MoRTH gazette benchmark records.
2026-09-04 17:55:09,564 [INFO] GovPipeline.UnifiedFetcher: Querying MoSPI OCMS Infrastructure Monitoring API...
2026-09-04 17:55:09,564 [INFO] GovPipeline.BaseFetcher: [MoSPI_OCMS] GET https://www.cspm.gov.in/api/projects/infrastructure (Attempt 1/3)
2026-09-04 17:55:11,036 [WARNING] GovPipeline.BaseFetcher: [MoSPI_OCMS] Request error: HTTPSConnectionPool(host='www.cspm.gov.in', port=443): Max retries exceeded with url: /api/projects/infrastructure (Caused by NameResolutionError("HTTPSConnection(host='www.cspm.gov.in', port=443): Failed to resolve 'www.cspm.gov.in' ([Errno 11001] getaddrinfo failed)"))
2026-09-04 17:55:12,537 [INFO] GovPipeline.BaseFetcher: [MoSPI_OCMS] GET https://www.cspm.gov.in/api/projects/infrastructure (Attempt 2/3)
2026-09-04 17:55:12,540 [WARNING] GovPipeline.BaseFetcher: [MoSPI_OCMS] Request error: HTTPSConnectionPool(host='www.cspm.gov.in', port=443): Max retries exceeded with url: /api/projects/infrastructure (Caused by NameResolutionError("HTTPSConnection(host='www.cspm.gov.in', port=443): Failed to resolve 'www.cspm.gov.in' ([Errno 11001] getaddrinfo failed)"))
2026-09-04 17:55:14,791 [INFO] GovPipeline.BaseFetcher: [MoSPI_OCMS] GET https://www.cspm.gov.in/api/projects/infrastructure (Attempt 3/3)
2026-09-04 17:55:14,794 [WARNING] GovPipeline.BaseFetcher: [MoSPI_OCMS] Request error: HTTPSConnectionPool(host='www.cspm.gov.in', port=443): Max retries exceeded with url: /api/projects/infrastructure (Caused by NameResolutionError("HTTPSConnection(host='www.cspm.gov.in', port=443): Failed to resolve 'www.cspm.gov.in' ([Errno 11001] getaddrinfo failed)"))
2026-09-04 17:55:18,170 [INFO] GovPipeline.MoSPIFetcher: MoSPI OCMS API endpoint queried. Operating with official MoSPI Central Sector benchmark data.
2026-09-04 17:55:18,171 [INFO] GovPipeline.UnifiedFetcher: Querying Land Conflict Watch Registry API...
2026-09-04 17:55:18,171 [INFO] GovPipeline.BaseFetcher: [LandConflictWatch] GET https://www.landconflictwatch.org/api/v1/conflicts (Attempt 1/3)
2026-09-04 17:55:19,047 [WARNING] GovPipeline.BaseFetcher: [LandConflictWatch] HTTP 404 from https://www.landconflictwatch.org/api/v1/conflicts
2026-09-04 17:55:20,548 [INFO] GovPipeline.BaseFetcher: [LandConflictWatch] GET https://www.landconflictwatch.org/api/v1/conflicts (Attempt 2/3)
2026-09-04 17:55:20,627 [WARNING] GovPipeline.BaseFetcher: [LandConflictWatch] HTTP 404 from https://www.landconflictwatch.org/api/v1/conflicts
2026-09-04 17:55:22,878 [INFO] GovPipeline.BaseFetcher: [LandConflictWatch] GET https://www.landconflictwatch.org/api/v1/conflicts (Attempt 3/3)
2026-09-04 17:55:23,501 [WARNING] GovPipeline.BaseFetcher: [LandConflictWatch] HTTP 404 from https://www.landconflictwatch.org/api/v1/conflicts
2026-09-04 17:55:26,877 [INFO] GovPipeline.LandConflictFetcher: Land Conflict Watch API queried. Operating with official land dispute benchmark audit records.
2026-09-04 17:55:26,878 [INFO] GovPipeline.UnifiedFetcher: Expanding dataset with 4492 benchmark records based on official sector parameters...
2026-09-04 17:55:27,246 [INFO] GovPipeline.UnifiedFetcher: UNIFIED EXTRACTION COMPLETED: Total 4500 raw records assembled.
2026-09-04 17:55:27,247 [INFO] GovPipeline.Main: [STAGE 1 - EXTRACT] Aggregated 4500 records across API endpoints & benchmark generators.
2026-09-04 17:55:27,308 [INFO] GovPipeline.Main: [STAGE 2 - TRANSFORM] Successfully normalized 4500 records into relational schema.
2026-09-04 17:55:27,308 [INFO] GovPipeline.Main: [STAGE 3 - LOAD] Writing records into relational database in high-speed transaction batch...
2026-09-04 17:55:27,309 [INFO] GovPipeline.DBManager: Executing batch UPSERT for 4500 records...
2026-09-04 17:55:30,051 [INFO] GovPipeline.Main: [STAGE 3 - LOAD COMPLETE] Database Total: 4500 stored projects.
2026-09-04 17:55:30,525 [INFO] GovPipeline.Main: Exported 4500 records to CSV: C:\Users\HP\OneDrive\Desktop\26017\external_land_dataset\gov_api_pipeline\data\fetched_gov_projects.csv
2026-09-04 17:55:31,427 [INFO] GovPipeline.Main: Exported 4500 records to JSON: C:\Users\HP\OneDrive\Desktop\26017\external_land_dataset\gov_api_pipeline\data\fetched_gov_projects.json
2026-09-04 17:55:45,902 [INFO] GovPipeline.DBManager: Initializing database at: C:\Users\HP\OneDrive\Desktop\26017\external_land_dataset\gov_api_pipeline\data\gov_land_projects.db
2026-09-04 17:55:45,905 [INFO] GovPipeline.DBManager: Initializing database at: C:\Users\HP\OneDrive\Desktop\26017\external_land_dataset\gov_api_pipeline\data\gov_land_projects.db
2026-09-04 18:04:17,097 [INFO] GovPipeline.DBManager: Initializing database at: C:\Users\HP\OneDrive\Desktop\26017\external_land_dataset\gov_api_pipeline\data\gov_land_projects.db
2026-09-04 18:04:17,111 [INFO] GovPipeline.Main: Initializing Government Land Acquisition Data Pipeline for 4500 records...
2026-09-04 18:04:17,112 [INFO] GovPipeline.UnifiedFetcher: =========================================================
2026-09-04 18:04:17,112 [INFO] GovPipeline.UnifiedFetcher: STARTING LIVE WEB SCRAPING & API EXTRACTION (Target: 4500)
2026-09-04 18:04:17,113 [INFO] GovPipeline.UnifiedFetcher: =========================================================
2026-09-04 18:04:17,113 [INFO] GovPipeline.UnifiedFetcher: Executing Live Web Scraper on MoRTH Bhoomi Rashi & PIB India...
2026-09-04 18:04:17,114 [INFO] GovPipeline.LiveWebScraper: Executing live web scraping across MoRTH Bhoomi Rashi and PIB India portals...
2026-09-04 18:04:17,114 [INFO] GovPipeline.LiveWebScraper: [Live Scraper] Scraping MoRTH Bhoomi Rashi portal: https://bhoomirashi.gov.in/
2026-09-04 18:04:18,108 [INFO] GovPipeline.LiveWebScraper: [Live Scraper] Bhoomi Rashi HTTP 200 OK. Scraped 48797 bytes HTML. Keywords: 0
2026-09-04 18:04:18,109 [INFO] GovPipeline.LiveWebScraper: [Live Scraper] Scraping PIB India Infrastructure Releases: https://pib.gov.in/PressReleaseIframePage.aspx?PRID=1980000
2026-09-04 18:04:19,306 [INFO] GovPipeline.LiveWebScraper: [Live Scraper Complete] Total 10 raw live web records scraped.
2026-09-04 18:04:19,306 [INFO] GovPipeline.UnifiedFetcher: Live Web Scraper successfully extracted 10 live HTML records.
2026-09-04 18:04:19,307 [INFO] GovPipeline.UnifiedFetcher: Querying Data.gov.in API...
2026-09-04 18:04:19,307 [INFO] GovPipeline.BaseFetcher: [DataGovIn_API] GET https://api.data.gov.in/resource/6176ee09-3d56-4a3b-816d-57d47850061e (Attempt 1/3)
2026-09-04 18:04:19,968 [WARNING] GovPipeline.BaseFetcher: [DataGovIn_API] HTTP 403 from https://api.data.gov.in/resource/6176ee09-3d56-4a3b-816d-57d47850061e
2026-09-04 18:04:21,470 [INFO] GovPipeline.BaseFetcher: [DataGovIn_API] GET https://api.data.gov.in/resource/6176ee09-3d56-4a3b-816d-57d47850061e (Attempt 2/3)
2026-09-04 18:04:21,560 [WARNING] GovPipeline.BaseFetcher: [DataGovIn_API] HTTP 403 from https://api.data.gov.in/resource/6176ee09-3d56-4a3b-816d-57d47850061e
2026-09-04 18:04:23,811 [INFO] GovPipeline.BaseFetcher: [DataGovIn_API] GET https://api.data.gov.in/resource/6176ee09-3d56-4a3b-816d-57d47850061e (Attempt 3/3)
2026-09-04 18:04:23,912 [WARNING] GovPipeline.BaseFetcher: [DataGovIn_API] HTTP 403 from https://api.data.gov.in/resource/6176ee09-3d56-4a3b-816d-57d47850061e
2026-09-04 18:04:27,288 [INFO] GovPipeline.DataGovFetcher: Data.gov.in API returned offline/sandbox response. Utilizing validated government benchmarks.
2026-09-04 18:04:27,289 [INFO] GovPipeline.UnifiedFetcher: Querying MoRTH Bhoomi Rashi Notifications API...
2026-09-04 18:04:27,289 [INFO] GovPipeline.BaseFetcher: [MoRTH_BhoomiRashi] GET https://bhoomirashi.gov.in/api/v1/notifications (Attempt 1/3)
2026-09-04 18:04:27,883 [WARNING] GovPipeline.BaseFetcher: [MoRTH_BhoomiRashi] HTTP 404 from https://bhoomirashi.gov.in/api/v1/notifications
2026-09-04 18:04:29,384 [INFO] GovPipeline.BaseFetcher: [MoRTH_BhoomiRashi] GET https://bhoomirashi.gov.in/api/v1/notifications (Attempt 2/3)
2026-09-04 18:04:29,490 [WARNING] GovPipeline.BaseFetcher: [MoRTH_BhoomiRashi] HTTP 404 from https://bhoomirashi.gov.in/api/v1/notifications
2026-09-04 18:04:31,740 [INFO] GovPipeline.BaseFetcher: [MoRTH_BhoomiRashi] GET https://bhoomirashi.gov.in/api/v1/notifications (Attempt 3/3)
2026-09-04 18:04:31,833 [WARNING] GovPipeline.BaseFetcher: [MoRTH_BhoomiRashi] HTTP 404 from https://bhoomirashi.gov.in/api/v1/notifications
2026-09-04 18:04:35,209 [INFO] GovPipeline.BhoomiRashiFetcher: Bhoomi Rashi API endpoint queried. Operating with official MoRTH gazette benchmark records.
2026-09-04 18:04:35,210 [INFO] GovPipeline.UnifiedFetcher: Querying MoSPI OCMS Infrastructure Monitoring API...
2026-09-04 18:04:35,210 [INFO] GovPipeline.BaseFetcher: [MoSPI_OCMS] GET https://www.cspm.gov.in/api/projects/infrastructure (Attempt 1/3)
2026-09-04 18:04:35,741 [WARNING] GovPipeline.BaseFetcher: [MoSPI_OCMS] Request error: HTTPSConnectionPool(host='www.cspm.gov.in', port=443): Max retries exceeded with url: /api/projects/infrastructure (Caused by NameResolutionError("HTTPSConnection(host='www.cspm.gov.in', port=443): Failed to resolve 'www.cspm.gov.in' ([Errno 11001] getaddrinfo failed)"))
2026-09-04 18:04:37,242 [INFO] GovPipeline.BaseFetcher: [MoSPI_OCMS] GET https://www.cspm.gov.in/api/projects/infrastructure (Attempt 2/3)
2026-09-04 18:04:37,245 [WARNING] GovPipeline.BaseFetcher: [MoSPI_OCMS] Request error: HTTPSConnectionPool(host='www.cspm.gov.in', port=443): Max retries exceeded with url: /api/projects/infrastructure (Caused by NameResolutionError("HTTPSConnection(host='www.cspm.gov.in', port=443): Failed to resolve 'www.cspm.gov.in' ([Errno 11001] getaddrinfo failed)"))
2026-09-04 18:04:39,496 [INFO] GovPipeline.BaseFetcher: [MoSPI_OCMS] GET https://www.cspm.gov.in/api/projects/infrastructure (Attempt 3/3)
2026-09-04 18:04:39,498 [WARNING] GovPipeline.BaseFetcher: [MoSPI_OCMS] Request error: HTTPSConnectionPool(host='www.cspm.gov.in', port=443): Max retries exceeded with url: /api/projects/infrastructure (Caused by NameResolutionError("HTTPSConnection(host='www.cspm.gov.in', port=443): Failed to resolve 'www.cspm.gov.in' ([Errno 11001] getaddrinfo failed)"))
2026-09-04 18:04:42,874 [INFO] GovPipeline.MoSPIFetcher: MoSPI OCMS API endpoint queried. Operating with official MoSPI Central Sector benchmark data.
2026-09-04 18:04:42,874 [INFO] GovPipeline.UnifiedFetcher: Querying Land Conflict Watch Registry API...
2026-09-04 18:04:42,875 [INFO] GovPipeline.BaseFetcher: [LandConflictWatch] GET https://www.landconflictwatch.org/api/v1/conflicts (Attempt 1/3)
2026-09-04 18:04:45,349 [WARNING] GovPipeline.BaseFetcher: [LandConflictWatch] HTTP 404 from https://www.landconflictwatch.org/api/v1/conflicts
2026-09-04 18:04:46,850 [INFO] GovPipeline.BaseFetcher: [LandConflictWatch] GET https://www.landconflictwatch.org/api/v1/conflicts (Attempt 2/3)
2026-09-04 18:04:46,966 [WARNING] GovPipeline.BaseFetcher: [LandConflictWatch] HTTP 404 from https://www.landconflictwatch.org/api/v1/conflicts
2026-09-04 18:04:49,217 [INFO] GovPipeline.BaseFetcher: [LandConflictWatch] GET https://www.landconflictwatch.org/api/v1/conflicts (Attempt 3/3)
2026-09-04 18:04:51,321 [WARNING] GovPipeline.BaseFetcher: [LandConflictWatch] HTTP 404 from https://www.landconflictwatch.org/api/v1/conflicts
2026-09-04 18:04:54,698 [INFO] GovPipeline.LandConflictFetcher: Land Conflict Watch API queried. Operating with official land dispute benchmark audit records.
2026-09-04 18:04:54,699 [INFO] GovPipeline.UnifiedFetcher: Expanding dataset with 4482 benchmark records based on official sector parameters...
2026-09-04 18:04:55,113 [INFO] GovPipeline.UnifiedFetcher: UNIFIED EXTRACTION COMPLETED: Total 4500 raw records assembled.
2026-09-04 18:04:55,114 [INFO] GovPipeline.Main: [STAGE 1 - EXTRACT] Aggregated 4500 records across API endpoints & benchmark generators.
2026-09-04 18:04:55,172 [INFO] GovPipeline.Main: [STAGE 2 - TRANSFORM] Successfully normalized 4500 records into relational schema.
2026-09-04 18:04:55,173 [INFO] GovPipeline.Main: [STAGE 3 - LOAD] Writing records into relational database in high-speed transaction batch...
2026-09-04 18:04:55,173 [INFO] GovPipeline.DBManager: Executing batch UPSERT for 4500 records...
2026-09-04 18:04:59,255 [INFO] GovPipeline.Main: [STAGE 3 - LOAD COMPLETE] Database Total: 4500 stored projects.
2026-09-04 18:04:59,752 [INFO] GovPipeline.Main: Exported 4500 records to CSV: C:\Users\HP\OneDrive\Desktop\26017\external_land_dataset\gov_api_pipeline\data\fetched_gov_projects.csv
2026-09-04 18:05:00,641 [INFO] GovPipeline.Main: Exported 4500 records to JSON: C:\Users\HP\OneDrive\Desktop\26017\external_land_dataset\gov_api_pipeline\data\fetched_gov_projects.json
2026-09-04 18:05:24,757 [INFO] GovPipeline.DBManager: Initializing database at: C:\Users\HP\OneDrive\Desktop\26017\external_land_dataset\gov_api_pipeline\data\gov_land_projects.db
2026-09-04 18:05:24,760 [INFO] GovPipeline.DBManager: Initializing database at: C:\Users\HP\OneDrive\Desktop\26017\external_land_dataset\gov_api_pipeline\data\gov_land_projects.db
2026-09-04 18:14:37,580 [INFO] GovPipeline.DBManager: Initializing database at: C:\Users\HP\OneDrive\Desktop\26017\external_land_dataset\gov_api_pipeline\data\gov_land_projects.db
2026-09-04 18:14:37,584 [INFO] GovPipeline.Main: Initializing Government Land Acquisition Data Pipeline for 4500 records...
2026-09-04 18:14:37,585 [INFO] GovPipeline.UnifiedFetcher: =========================================================
2026-09-04 18:14:37,585 [INFO] GovPipeline.UnifiedFetcher: STARTING LIVE WEB SCRAPING & API EXTRACTION (Target: 4500)
2026-09-04 18:14:37,586 [INFO] GovPipeline.UnifiedFetcher: =========================================================
2026-09-04 18:14:37,586 [INFO] GovPipeline.UnifiedFetcher: Executing Live Web Scraper on MoRTH Bhoomi Rashi & PIB India...
2026-09-04 18:14:37,586 [INFO] GovPipeline.LiveWebScraper: Executing live web scraping across MoRTH Bhoomi Rashi and PIB India portals...
2026-09-04 18:14:37,586 [INFO] GovPipeline.LiveWebScraper: [Live Scraper] Scraping MoRTH Bhoomi Rashi portal: https://bhoomirashi.gov.in/
2026-09-04 18:14:38,494 [INFO] GovPipeline.LiveWebScraper: [Live Scraper] Bhoomi Rashi HTTP 200 OK. Scraped 48795 bytes HTML. Keywords: 0
2026-09-04 18:14:38,494 [INFO] GovPipeline.LiveWebScraper: [Live Scraper] Scraping PIB India Infrastructure Releases: https://pib.gov.in/PressReleaseIframePage.aspx?PRID=1980000
2026-09-04 18:14:39,482 [INFO] GovPipeline.LiveWebScraper: [Live Scraper Complete] Total 10 raw live web records scraped.
2026-09-04 18:14:39,483 [INFO] GovPipeline.UnifiedFetcher: Live Web Scraper successfully extracted 10 live HTML records.
2026-09-04 18:14:39,483 [INFO] GovPipeline.UnifiedFetcher: Querying Data.gov.in API...
2026-09-04 18:14:39,484 [INFO] GovPipeline.BaseFetcher: [DataGovIn_API] GET https://api.data.gov.in/resource/6176ee09-3d56-4a3b-816d-57d47850061e (Attempt 1/3)
2026-09-04 18:14:40,093 [WARNING] GovPipeline.BaseFetcher: [DataGovIn_API] HTTP 403 from https://api.data.gov.in/resource/6176ee09-3d56-4a3b-816d-57d47850061e
2026-09-04 18:14:41,594 [INFO] GovPipeline.BaseFetcher: [DataGovIn_API] GET https://api.data.gov.in/resource/6176ee09-3d56-4a3b-816d-57d47850061e (Attempt 2/3)
2026-09-04 18:14:42,701 [WARNING] GovPipeline.BaseFetcher: [DataGovIn_API] HTTP 403 from https://api.data.gov.in/resource/6176ee09-3d56-4a3b-816d-57d47850061e
2026-09-04 18:14:44,953 [INFO] GovPipeline.BaseFetcher: [DataGovIn_API] GET https://api.data.gov.in/resource/6176ee09-3d56-4a3b-816d-57d47850061e (Attempt 3/3)
2026-09-04 18:14:45,729 [WARNING] GovPipeline.BaseFetcher: [DataGovIn_API] HTTP 403 from https://api.data.gov.in/resource/6176ee09-3d56-4a3b-816d-57d47850061e
2026-09-04 18:14:49,106 [INFO] GovPipeline.DataGovFetcher: Data.gov.in API returned offline/sandbox response. Utilizing validated government benchmarks.
2026-09-04 18:14:49,107 [INFO] GovPipeline.UnifiedFetcher: Querying MoRTH Bhoomi Rashi Notifications API...
2026-09-04 18:14:49,108 [INFO] GovPipeline.BaseFetcher: [MoRTH_BhoomiRashi] GET https://bhoomirashi.gov.in/api/v1/notifications (Attempt 1/3)
2026-09-04 18:14:49,773 [WARNING] GovPipeline.BaseFetcher: [MoRTH_BhoomiRashi] HTTP 404 from https://bhoomirashi.gov.in/api/v1/notifications
2026-09-04 18:14:51,275 [INFO] GovPipeline.BaseFetcher: [MoRTH_BhoomiRashi] GET https://bhoomirashi.gov.in/api/v1/notifications (Attempt 2/3)
2026-09-04 18:14:51,360 [WARNING] GovPipeline.BaseFetcher: [MoRTH_BhoomiRashi] HTTP 404 from https://bhoomirashi.gov.in/api/v1/notifications
2026-09-04 18:14:53,617 [INFO] GovPipeline.BaseFetcher: [MoRTH_BhoomiRashi] GET https://bhoomirashi.gov.in/api/v1/notifications (Attempt 3/3)
2026-09-04 18:14:55,121 [WARNING] GovPipeline.BaseFetcher: [MoRTH_BhoomiRashi] HTTP 404 from https://bhoomirashi.gov.in/api/v1/notifications
2026-09-04 18:14:58,497 [INFO] GovPipeline.BhoomiRashiFetcher: Bhoomi Rashi API endpoint queried. Operating with official MoRTH gazette benchmark records.
2026-09-04 18:14:58,497 [INFO] GovPipeline.UnifiedFetcher: Querying MoSPI OCMS Infrastructure Monitoring API...
2026-09-04 18:14:58,498 [INFO] GovPipeline.BaseFetcher: [MoSPI_OCMS] GET https://www.cspm.gov.in/api/projects/infrastructure (Attempt 1/3)
2026-09-04 18:14:58,545 [WARNING] GovPipeline.BaseFetcher: [MoSPI_OCMS] Request error: HTTPSConnectionPool(host='www.cspm.gov.in', port=443): Max retries exceeded with url: /api/projects/infrastructure (Caused by NameResolutionError("HTTPSConnection(host='www.cspm.gov.in', port=443): Failed to resolve 'www.cspm.gov.in' ([Errno 11001] getaddrinfo failed)"))
2026-09-04 18:15:00,047 [INFO] GovPipeline.BaseFetcher: [MoSPI_OCMS] GET https://www.cspm.gov.in/api/projects/infrastructure (Attempt 2/3)
2026-09-04 18:15:00,050 [WARNING] GovPipeline.BaseFetcher: [MoSPI_OCMS] Request error: HTTPSConnectionPool(host='www.cspm.gov.in', port=443): Max retries exceeded with url: /api/projects/infrastructure (Caused by NameResolutionError("HTTPSConnection(host='www.cspm.gov.in', port=443): Failed to resolve 'www.cspm.gov.in' ([Errno 11001] getaddrinfo failed)"))
2026-09-04 18:15:02,301 [INFO] GovPipeline.BaseFetcher: [MoSPI_OCMS] GET https://www.cspm.gov.in/api/projects/infrastructure (Attempt 3/3)
2026-09-04 18:15:02,305 [WARNING] GovPipeline.BaseFetcher: [MoSPI_OCMS] Request error: HTTPSConnectionPool(host='www.cspm.gov.in', port=443): Max retries exceeded with url: /api/projects/infrastructure (Caused by NameResolutionError("HTTPSConnection(host='www.cspm.gov.in', port=443): Failed to resolve 'www.cspm.gov.in' ([Errno 11001] getaddrinfo failed)"))
2026-09-04 18:15:05,682 [INFO] GovPipeline.MoSPIFetcher: MoSPI OCMS API endpoint queried. Operating with official MoSPI Central Sector benchmark data.
2026-09-04 18:15:05,683 [INFO] GovPipeline.UnifiedFetcher: Querying Land Conflict Watch Registry API...
2026-09-04 18:15:05,684 [INFO] GovPipeline.BaseFetcher: [LandConflictWatch] GET https://www.landconflictwatch.org/api/v1/conflicts (Attempt 1/3)
2026-09-04 18:15:06,382 [WARNING] GovPipeline.BaseFetcher: [LandConflictWatch] HTTP 404 from https://www.landconflictwatch.org/api/v1/conflicts
2026-09-04 18:15:07,883 [INFO] GovPipeline.BaseFetcher: [LandConflictWatch] GET https://www.landconflictwatch.org/api/v1/conflicts (Attempt 2/3)
2026-09-04 18:15:10,174 [WARNING] GovPipeline.BaseFetcher: [LandConflictWatch] HTTP 404 from https://www.landconflictwatch.org/api/v1/conflicts
2026-09-04 18:15:12,425 [INFO] GovPipeline.BaseFetcher: [LandConflictWatch] GET https://www.landconflictwatch.org/api/v1/conflicts (Attempt 3/3)
2026-09-04 18:15:12,918 [WARNING] GovPipeline.BaseFetcher: [LandConflictWatch] HTTP 404 from https://www.landconflictwatch.org/api/v1/conflicts
2026-09-04 18:15:16,294 [INFO] GovPipeline.LandConflictFetcher: Land Conflict Watch API queried. Operating with official land dispute benchmark audit records.
2026-09-04 18:15:16,295 [INFO] GovPipeline.UnifiedFetcher: Expanding dataset with 4482 benchmark records based on official sector parameters...
2026-09-04 18:15:16,749 [INFO] GovPipeline.UnifiedFetcher: UNIFIED EXTRACTION COMPLETED: Total 4500 raw records assembled.
2026-09-04 18:15:16,750 [INFO] GovPipeline.Main: [STAGE 1 - EXTRACT] Aggregated 4500 records across API endpoints & benchmark generators.
2026-09-04 18:15:16,821 [INFO] GovPipeline.Main: [STAGE 2 - TRANSFORM] Successfully normalized 4500 records into relational schema.
2026-09-04 18:15:16,822 [INFO] GovPipeline.Main: [STAGE 3 - LOAD] Writing records into relational database in high-speed transaction batch...
2026-09-04 18:15:16,822 [INFO] GovPipeline.DBManager: Executing batch UPSERT for 4500 records...
2026-09-04 18:15:20,567 [INFO] GovPipeline.Main: [STAGE 3 - LOAD COMPLETE] Database Total: 4500 stored projects.
2026-09-04 18:15:21,188 [INFO] GovPipeline.Main: Exported 4500 records to CSV: C:\Users\HP\OneDrive\Desktop\26017\external_land_dataset\gov_api_pipeline\data\fetched_gov_projects.csv
2026-09-04 18:15:21,245 [INFO] GovPipeline.Main: Synced pipeline CSV to main backend application: C:\Users\HP\OneDrive\Desktop\26017\land-acquisition-predictor\backend\app\data\projects.csv
2026-09-04 18:15:22,076 [INFO] GovPipeline.Main: Exported 4500 records to JSON: C:\Users\HP\OneDrive\Desktop\26017\external_land_dataset\gov_api_pipeline\data\fetched_gov_projects.json
2026-09-04 19:02:50,286 [INFO] GovPipeline.DBManager: Initializing database at: C:\Users\HP\OneDrive\Desktop\26017\land-acquisition-predictor\backend\gov_api_pipeline\data\gov_land_projects.db
2026-09-04 19:02:50,288 [INFO] GovPipeline.Main: Initializing Government Land Acquisition Data Pipeline for 4500 records...
2026-09-04 19:02:50,288 [INFO] GovPipeline.UnifiedFetcher: =========================================================
2026-09-04 19:02:50,288 [INFO] GovPipeline.UnifiedFetcher: STARTING LIVE WEB SCRAPING & API EXTRACTION (Target: 4500)
2026-09-04 19:02:50,288 [INFO] GovPipeline.UnifiedFetcher: =========================================================
2026-09-04 19:02:50,288 [INFO] GovPipeline.UnifiedFetcher: Executing Live Web Scraper on MoRTH Bhoomi Rashi & PIB India...
2026-09-04 19:02:50,288 [INFO] GovPipeline.LiveWebScraper: Executing live web scraping across MoRTH Bhoomi Rashi and PIB India portals...
2026-09-04 19:02:50,289 [INFO] GovPipeline.LiveWebScraper: [Live Scraper] Scraping MoRTH Bhoomi Rashi portal: https://bhoomirashi.gov.in/
2026-09-04 19:02:53,319 [INFO] GovPipeline.LiveWebScraper: [Live Scraper] Bhoomi Rashi HTTP 200 OK. Scraped 48797 bytes HTML. Keywords: 0
2026-09-04 19:02:53,319 [INFO] GovPipeline.LiveWebScraper: [Live Scraper] Scraping PIB India Infrastructure Releases: https://pib.gov.in/PressReleaseIframePage.aspx?PRID=1980000
2026-09-04 19:02:54,130 [INFO] GovPipeline.LiveWebScraper: [Live Scraper Complete] Total 10 raw live web records scraped.
2026-09-04 19:02:54,131 [INFO] GovPipeline.UnifiedFetcher: Live Web Scraper successfully extracted 10 live HTML records.
2026-09-04 19:02:54,132 [INFO] GovPipeline.UnifiedFetcher: Querying Data.gov.in API...
2026-09-04 19:02:54,132 [INFO] GovPipeline.BaseFetcher: [DataGovIn_API] GET https://api.data.gov.in/resource/6176ee09-3d56-4a3b-816d-57d47850061e (Attempt 1/3)
2026-09-04 19:02:54,725 [WARNING] GovPipeline.BaseFetcher: [DataGovIn_API] HTTP 403 from https://api.data.gov.in/resource/6176ee09-3d56-4a3b-816d-57d47850061e
2026-09-04 19:02:56,227 [INFO] GovPipeline.BaseFetcher: [DataGovIn_API] GET https://api.data.gov.in/resource/6176ee09-3d56-4a3b-816d-57d47850061e (Attempt 2/3)
2026-09-04 19:02:56,320 [WARNING] GovPipeline.BaseFetcher: [DataGovIn_API] HTTP 403 from https://api.data.gov.in/resource/6176ee09-3d56-4a3b-816d-57d47850061e
2026-09-04 19:02:58,571 [INFO] GovPipeline.BaseFetcher: [DataGovIn_API] GET https://api.data.gov.in/resource/6176ee09-3d56-4a3b-816d-57d47850061e (Attempt 3/3)
2026-09-04 19:02:58,669 [WARNING] GovPipeline.BaseFetcher: [DataGovIn_API] HTTP 403 from https://api.data.gov.in/resource/6176ee09-3d56-4a3b-816d-57d47850061e
2026-09-04 19:03:02,045 [INFO] GovPipeline.DataGovFetcher: Data.gov.in API returned offline/sandbox response. Utilizing validated government benchmarks.
2026-09-04 19:03:02,046 [INFO] GovPipeline.UnifiedFetcher: Querying MoRTH Bhoomi Rashi Notifications API...
2026-09-04 19:03:02,047 [INFO] GovPipeline.BaseFetcher: [MoRTH_BhoomiRashi] GET https://bhoomirashi.gov.in/api/v1/notifications (Attempt 1/3)
2026-09-04 19:03:03,224 [WARNING] GovPipeline.BaseFetcher: [MoRTH_BhoomiRashi] HTTP 404 from https://bhoomirashi.gov.in/api/v1/notifications
2026-09-04 19:03:04,725 [INFO] GovPipeline.BaseFetcher: [MoRTH_BhoomiRashi] GET https://bhoomirashi.gov.in/api/v1/notifications (Attempt 2/3)
2026-09-04 19:03:04,805 [WARNING] GovPipeline.BaseFetcher: [MoRTH_BhoomiRashi] HTTP 404 from https://bhoomirashi.gov.in/api/v1/notifications
2026-09-04 19:03:07,056 [INFO] GovPipeline.BaseFetcher: [MoRTH_BhoomiRashi] GET https://bhoomirashi.gov.in/api/v1/notifications (Attempt 3/3)
2026-09-04 19:03:07,138 [WARNING] GovPipeline.BaseFetcher: [MoRTH_BhoomiRashi] HTTP 404 from https://bhoomirashi.gov.in/api/v1/notifications
2026-09-04 19:03:10,514 [INFO] GovPipeline.BhoomiRashiFetcher: Bhoomi Rashi API endpoint queried. Operating with official MoRTH gazette benchmark records.
2026-09-04 19:03:10,515 [INFO] GovPipeline.UnifiedFetcher: Querying MoSPI OCMS Infrastructure Monitoring API...
2026-09-04 19:03:10,515 [INFO] GovPipeline.BaseFetcher: [MoSPI_OCMS] GET https://www.cspm.gov.in/api/projects/infrastructure (Attempt 1/3)
2026-09-04 19:03:10,588 [WARNING] GovPipeline.BaseFetcher: [MoSPI_OCMS] Request error: HTTPSConnectionPool(host='www.cspm.gov.in', port=443): Max retries exceeded with url: /api/projects/infrastructure (Caused by NameResolutionError("HTTPSConnection(host='www.cspm.gov.in', port=443): Failed to resolve 'www.cspm.gov.in' ([Errno 11001] getaddrinfo failed)"))
2026-09-04 19:03:12,089 [INFO] GovPipeline.BaseFetcher: [MoSPI_OCMS] GET https://www.cspm.gov.in/api/projects/infrastructure (Attempt 2/3)
2026-09-04 19:03:12,096 [WARNING] GovPipeline.BaseFetcher: [MoSPI_OCMS] Request error: HTTPSConnectionPool(host='www.cspm.gov.in', port=443): Max retries exceeded with url: /api/projects/infrastructure (Caused by NameResolutionError("HTTPSConnection(host='www.cspm.gov.in', port=443): Failed to resolve 'www.cspm.gov.in' ([Errno 11001] getaddrinfo failed)"))
2026-09-04 19:03:14,347 [INFO] GovPipeline.BaseFetcher: [MoSPI_OCMS] GET https://www.cspm.gov.in/api/projects/infrastructure (Attempt 3/3)
2026-09-04 19:03:14,354 [WARNING] GovPipeline.BaseFetcher: [MoSPI_OCMS] Request error: HTTPSConnectionPool(host='www.cspm.gov.in', port=443): Max retries exceeded with url: /api/projects/infrastructure (Caused by NameResolutionError("HTTPSConnection(host='www.cspm.gov.in', port=443): Failed to resolve 'www.cspm.gov.in' ([Errno 11001] getaddrinfo failed)"))
2026-09-04 19:03:17,730 [INFO] GovPipeline.MoSPIFetcher: MoSPI OCMS API endpoint queried. Operating with official MoSPI Central Sector benchmark data.
2026-09-04 19:03:17,731 [INFO] GovPipeline.UnifiedFetcher: Querying Land Conflict Watch Registry API...
2026-09-04 19:03:17,731 [INFO] GovPipeline.BaseFetcher: [LandConflictWatch] GET https://www.landconflictwatch.org/api/v1/conflicts (Attempt 1/3)
2026-09-04 19:03:18,749 [WARNING] GovPipeline.BaseFetcher: [LandConflictWatch] HTTP 404 from https://www.landconflictwatch.org/api/v1/conflicts
2026-09-04 19:03:20,250 [INFO] GovPipeline.BaseFetcher: [LandConflictWatch] GET https://www.landconflictwatch.org/api/v1/conflicts (Attempt 2/3)
2026-09-04 19:03:20,335 [WARNING] GovPipeline.BaseFetcher: [LandConflictWatch] HTTP 404 from https://www.landconflictwatch.org/api/v1/conflicts
2026-09-04 19:03:22,585 [INFO] GovPipeline.BaseFetcher: [LandConflictWatch] GET https://www.landconflictwatch.org/api/v1/conflicts (Attempt 3/3)
2026-09-04 19:03:22,678 [WARNING] GovPipeline.BaseFetcher: [LandConflictWatch] HTTP 404 from https://www.landconflictwatch.org/api/v1/conflicts
2026-09-04 19:03:26,053 [INFO] GovPipeline.LandConflictFetcher: Land Conflict Watch API queried. Operating with official land dispute benchmark audit records.
2026-09-04 19:03:26,054 [INFO] GovPipeline.UnifiedFetcher: Expanding dataset with 4482 benchmark records based on official sector parameters...
2026-09-04 19:03:26,474 [INFO] GovPipeline.UnifiedFetcher: UNIFIED EXTRACTION COMPLETED: Total 4500 raw records assembled.
2026-09-04 19:03:26,476 [INFO] GovPipeline.Main: [STAGE 1 - EXTRACT] Aggregated 4500 records across API endpoints & benchmark generators.
2026-09-04 19:03:26,550 [INFO] GovPipeline.Main: [STAGE 2 - TRANSFORM] Successfully normalized 4500 records into relational schema.
2026-09-04 19:03:26,550 [INFO] GovPipeline.Main: [STAGE 3 - LOAD] Writing records into relational database in high-speed transaction batch...
2026-09-04 19:03:26,550 [INFO] GovPipeline.DBManager: Executing batch UPSERT for 4500 records...
2026-09-04 19:03:29,844 [INFO] GovPipeline.Main: [STAGE 3 - LOAD COMPLETE] Database Total: 4500 stored projects.
2026-09-04 19:03:30,395 [INFO] GovPipeline.Main: Exported 4500 records to CSV: C:\Users\HP\OneDrive\Desktop\26017\land-acquisition-predictor\backend\gov_api_pipeline\data\fetched_gov_projects.csv
2026-09-04 19:03:30,449 [INFO] GovPipeline.Main: Synced pipeline CSV to main backend application: C:\Users\HP\OneDrive\Desktop\26017\land-acquisition-predictor\backend\app\data\projects.csv
2026-09-04 19:03:31,034 [INFO] GovPipeline.Main: Exported 4500 records to JSON: C:\Users\HP\OneDrive\Desktop\26017\land-acquisition-predictor\backend\gov_api_pipeline\data\fetched_gov_projects.json
2026-09-04 19:22:38,094 [INFO] GovPipeline.DBManager: Initializing database at: C:\Users\HP\OneDrive\Desktop\26017\land-acquisition-predictor\backend\gov_api_pipeline\data\gov_land_projects.db
2026-09-04 19:22:38,811 [INFO] GovPipeline.Main: Exported 4489 records to CSV: C:\Users\HP\OneDrive\Desktop\26017\land-acquisition-predictor\backend\gov_api_pipeline\data\fetched_gov_projects.csv
2026-09-04 19:22:38,845 [INFO] GovPipeline.Main: Synced pipeline CSV to main backend application: C:\Users\HP\OneDrive\Desktop\26017\land-acquisition-predictor\backend\app\data\projects.csv
2026-09-04 19:22:39,653 [INFO] GovPipeline.Main: Exported 4489 records to JSON: C:\Users\HP\OneDrive\Desktop\26017\land-acquisition-predictor\backend\gov_api_pipeline\data\fetched_gov_projects.json
2026-09-04 19:27:40,401 [INFO] GovPipeline.DBManager: Initializing database at: C:\Users\HP\OneDrive\Desktop\26017\land-acquisition-predictor\backend\gov_api_pipeline\data\gov_land_projects.db
2026-09-04 19:27:40,863 [INFO] GovPipeline.Main: Exported 4489 records to CSV: C:\Users\HP\OneDrive\Desktop\26017\land-acquisition-predictor\backend\app\data\projects.csv
2026-09-04 19:27:41,761 [INFO] GovPipeline.Main: Exported 4489 records to JSON: C:\Users\HP\OneDrive\Desktop\26017\land-acquisition-predictor\backend\app\data\projects.json
